C:\cygwin\usr\local\bin
C:\cygwin\usr\local\CG43.smg
C:\cygwin\usr\local\CG52
C:\cygwin\usr\local\CG52.smg
C:\cygwin\usr\local\etc
C:\cygwin\usr\local\filelist.lst
C:\cygwin\usr\local\lib
C:\cygwin\usr\local\CG52\alertstyle
C:\cygwin\usr\local\CG52\apr
C:\cygwin\usr\local\CG52\data_resource.lst
C:\cygwin\usr\local\CG52\efem
C:\cygwin\usr\local\CG52\ezx_resource_version.txt
C:\cygwin\usr\local\CG52\ezx_timestamp.cfg
C:\cygwin\usr\local\CG52\funlight
C:\cygwin\usr\local\CG52\Help
C:\cygwin\usr\local\CG52\icon
C:\cygwin\usr\local\CG52\mediaeditor
C:\cygwin\usr\local\CG52\mystuff
C:\cygwin\usr\local\CG52\oss
C:\cygwin\usr\local\CG52\picture
C:\cygwin\usr\local\CG52\poweroff
C:\cygwin\usr\local\CG52\poweron
C:\cygwin\usr\local\CG52\preloadapps
C:\cygwin\usr\local\CG52\printing
C:\cygwin\usr\local\CG52\quickpage
C:\cygwin\usr\local\CG52\quicktext
C:\cygwin\usr\local\CG52\skin
C:\cygwin\usr\local\CG52\slidetone
C:\cygwin\usr\local\CG52\sound
C:\cygwin\usr\local\CG52\string
C:\cygwin\usr\local\CG52\theme
C:\cygwin\usr\local\CG52\videos
C:\cygwin\usr\local\CG52\wvimps
C:\cygwin\usr\local\CG52\alertstyle\ezx_alert.cfg
C:\cygwin\usr\local\CG52\alertstyle\ezx_alertprofile.cfg
C:\cygwin\usr\local\CG52\apr\coredump_table.cfg
C:\cygwin\usr\local\CG52\efem\ding.wav
C:\cygwin\usr\local\CG52\efem\efem_colors.bin
C:\cygwin\usr\local\CG52\efem\efem_config.bin
C:\cygwin\usr\local\CG52\efem\efem_screens.bin
C:\cygwin\usr\local\CG52\funlight\sys
C:\cygwin\usr\local\CG52\funlight\usr
C:\cygwin\usr\local\CG52\funlight\usr\btactive.fit
C:\cygwin\usr\local\CG52\Help\source
C:\cygwin\usr\local\CG52\Help\source\pictures
C:\cygwin\usr\local\CG52\Help\source\txt
C:\cygwin\usr\local\CG52\Help\source\pictures\Icons
C:\cygwin\usr\local\CG52\Help\source\pictures\images
C:\cygwin\usr\local\CG52\Help\source\pictures\MobilSecond_titleBar_ID.JPG
C:\cygwin\usr\local\CG52\Help\source\pictures\MobilSecond_titleBar_prompt.JPG
C:\cygwin\usr\local\CG52\Help\source\pictures\Others
C:\cygwin\usr\local\CG52\Help\source\pictures\promptPic.JPG
C:\cygwin\usr\local\CG52\Help\source\pictures\Icons\BigIcons
C:\cygwin\usr\local\CG52\Help\source\pictures\Icons\MiddleIcons
C:\cygwin\usr\local\CG52\Help\source\pictures\Icons\SmallIcons
C:\cygwin\usr\local\CG52\Help\source\pictures\Icons\BigIcons\all-b.png
C:\cygwin\usr\local\CG52\Help\source\pictures\Icons\MiddleIcons\all-m.png
C:\cygwin\usr\local\CG52\Help\source\pictures\Icons\SmallIcons\all-s.png
C:\cygwin\usr\local\CG52\Help\source\pictures\images\arrow2.gif
C:\cygwin\usr\local\CG52\Help\source\pictures\images\divide.gif
C:\cygwin\usr\local\CG52\Help\source\pictures\Others\backblue01.png
C:\cygwin\usr\local\CG52\Help\source\pictures\Others\backblue02.png
C:\cygwin\usr\local\CG52\Help\source\pictures\Others\backgreen01.png
C:\cygwin\usr\local\CG52\Help\source\pictures\Others\backgreen02.png
C:\cygwin\usr\local\CG52\Help\source\pictures\Others\bar_blue.png
C:\cygwin\usr\local\CG52\Help\source\pictures\Others\bar_blue2.png
C:\cygwin\usr\local\CG52\Help\source\pictures\Others\do.png
C:\cygwin\usr\local\CG52\Help\source\pictures\Others\dot1.png
C:\cygwin\usr\local\CG52\Help\source\pictures\Others\focus_blue.png
C:\cygwin\usr\local\CG52\Help\source\pictures\Others\focus_green.png
C:\cygwin\usr\local\CG52\Help\source\pictures\Others\MobilSecond_ListBox.png
C:\cygwin\usr\local\CG52\Help\source\pictures\Others\nv_blue.png
C:\cygwin\usr\local\CG52\Help\source\pictures\Others\nv_gray.png
C:\cygwin\usr\local\CG52\Help\source\pictures\Others\nv_green.png
C:\cygwin\usr\local\CG52\Help\source\pictures\Others\scroll_bar.png
C:\cygwin\usr\local\CG52\Help\source\pictures\Others\scroll_base.png
C:\cygwin\usr\local\CG52\Help\source\pictures\Others\title.png
C:\cygwin\usr\local\CG52\Help\source\pictures\Others\tub.png
C:\cygwin\usr\local\CG52\Help\source\pictures\Others\what.png
C:\cygwin\usr\local\CG52\Help\source\txt\dataEn
C:\cygwin\usr\local\CG52\Help\source\txt\dataEn\contents
C:\cygwin\usr\local\CG52\Help\source\txt\dataEn\display.txt
C:\cygwin\usr\local\CG52\Help\source\txt\dataEn\help_list.txt
C:\cygwin\usr\local\CG52\Help\source\txt\dataEn\help_slot.txt
C:\cygwin\usr\local\CG52\Help\source\txt\dataEn\iconlistcomb.txt
C:\cygwin\usr\local\CG52\Help\source\txt\dataEn\iconname.txt
C:\cygwin\usr\local\CG52\Help\source\txt\dataEn\iconslotcomb.txt
C:\cygwin\usr\local\CG52\Help\source\txt\dataEn\promptid.txt
C:\cygwin\usr\local\CG52\Help\source\txt\dataEn\title.txt
C:\cygwin\usr\local\CG52\Help\source\txt\dataEn\titlelist.txt
C:\cygwin\usr\local\CG52\Help\source\txt\dataEn\contents\1.txt
C:\cygwin\usr\local\CG52\Help\source\txt\dataEn\contents\10.txt
C:\cygwin\usr\local\CG52\Help\source\txt\dataEn\contents\100.txt
C:\cygwin\usr\local\CG52\Help\source\txt\dataEn\contents\101.txt
C:\cygwin\usr\local\CG52\Help\source\txt\dataEn\contents\102.txt
C:\cygwin\usr\local\CG52\Help\source\txt\dataEn\contents\103.txt
C:\cygwin\usr\local\CG52\Help\source\txt\dataEn\contents\104.txt
C:\cygwin\usr\local\CG52\Help\source\txt\dataEn\contents\105.txt
C:\cygwin\usr\local\CG52\Help\source\txt\dataEn\contents\106.txt
C:\cygwin\usr\local\CG52\Help\source\txt\dataEn\contents\107.txt
C:\cygwin\usr\local\CG52\Help\source\txt\dataEn\contents\108.txt
C:\cygwin\usr\local\CG52\Help\source\txt\dataEn\contents\109.txt
C:\cygwin\usr\local\CG52\Help\source\txt\dataEn\contents\11.txt
C:\cygwin\usr\local\CG52\Help\source\txt\dataEn\contents\110.txt
C:\cygwin\usr\local\CG52\Help\source\txt\dataEn\contents\111.txt
C:\cygwin\usr\local\CG52\Help\source\txt\dataEn\contents\112.txt
C:\cygwin\usr\local\CG52\Help\source\txt\dataEn\contents\113.txt
C:\cygwin\usr\local\CG52\Help\source\txt\dataEn\contents\114.txt
C:\cygwin\usr\local\CG52\Help\source\txt\dataEn\contents\115.txt
C:\cygwin\usr\local\CG52\Help\source\txt\dataEn\contents\116.txt
C:\cygwin\usr\local\CG52\Help\source\txt\dataEn\contents\117.txt
C:\cygwin\usr\local\CG52\Help\source\txt\dataEn\contents\118.txt
C:\cygwin\usr\local\CG52\Help\source\txt\dataEn\contents\119.txt
C:\cygwin\usr\local\CG52\Help\source\txt\dataEn\contents\12.txt
C:\cygwin\usr\local\CG52\Help\source\txt\dataEn\contents\120.txt
C:\cygwin\usr\local\CG52\Help\source\txt\dataEn\contents\121.txt
C:\cygwin\usr\local\CG52\Help\source\txt\dataEn\contents\122.txt
C:\cygwin\usr\local\CG52\Help\source\txt\dataEn\contents\123.txt
C:\cygwin\usr\local\CG52\Help\source\txt\dataEn\contents\124.txt
C:\cygwin\usr\local\CG52\Help\source\txt\dataEn\contents\125.txt
C:\cygwin\usr\local\CG52\Help\source\txt\dataEn\contents\126.txt
C:\cygwin\usr\local\CG52\Help\source\txt\dataEn\contents\127.txt
C:\cygwin\usr\local\CG52\Help\source\txt\dataEn\contents\13.txt
C:\cygwin\usr\local\CG52\Help\source\txt\dataEn\contents\14.txt
C:\cygwin\usr\local\CG52\Help\source\txt\dataEn\contents\15.txt
C:\cygwin\usr\local\CG52\Help\source\txt\dataEn\contents\16.txt
C:\cygwin\usr\local\CG52\Help\source\txt\dataEn\contents\17.txt
C:\cygwin\usr\local\CG52\Help\source\txt\dataEn\contents\18.txt
C:\cygwin\usr\local\CG52\Help\source\txt\dataEn\contents\19.txt
C:\cygwin\usr\local\CG52\Help\source\txt\dataEn\contents\2.txt
C:\cygwin\usr\local\CG52\Help\source\txt\dataEn\contents\20.txt
C:\cygwin\usr\local\CG52\Help\source\txt\dataEn\contents\21.txt
C:\cygwin\usr\local\CG52\Help\source\txt\dataEn\contents\22.txt
C:\cygwin\usr\local\CG52\Help\source\txt\dataEn\contents\23.txt
C:\cygwin\usr\local\CG52\Help\source\txt\dataEn\contents\24.txt
C:\cygwin\usr\local\CG52\Help\source\txt\dataEn\contents\25.txt
C:\cygwin\usr\local\CG52\Help\source\txt\dataEn\contents\26.txt
C:\cygwin\usr\local\CG52\Help\source\txt\dataEn\contents\27.txt
C:\cygwin\usr\local\CG52\Help\source\txt\dataEn\contents\28.txt
C:\cygwin\usr\local\CG52\Help\source\txt\dataEn\contents\29.txt
C:\cygwin\usr\local\CG52\Help\source\txt\dataEn\contents\3.txt
C:\cygwin\usr\local\CG52\Help\source\txt\dataEn\contents\30.txt
C:\cygwin\usr\local\CG52\Help\source\txt\dataEn\contents\31.txt
C:\cygwin\usr\local\CG52\Help\source\txt\dataEn\contents\32.txt
C:\cygwin\usr\local\CG52\Help\source\txt\dataEn\contents\33.txt
C:\cygwin\usr\local\CG52\Help\source\txt\dataEn\contents\34.txt
C:\cygwin\usr\local\CG52\Help\source\txt\dataEn\contents\35.txt
C:\cygwin\usr\local\CG52\Help\source\txt\dataEn\contents\36.txt
C:\cygwin\usr\local\CG52\Help\source\txt\dataEn\contents\37.txt
C:\cygwin\usr\local\CG52\Help\source\txt\dataEn\contents\38.txt
C:\cygwin\usr\local\CG52\Help\source\txt\dataEn\contents\4.txt
C:\cygwin\usr\local\CG52\Help\source\txt\dataEn\contents\40.txt
C:\cygwin\usr\local\CG52\Help\source\txt\dataEn\contents\41.txt
C:\cygwin\usr\local\CG52\Help\source\txt\dataEn\contents\42.txt
C:\cygwin\usr\local\CG52\Help\source\txt\dataEn\contents\43.txt
C:\cygwin\usr\local\CG52\Help\source\txt\dataEn\contents\44.txt
C:\cygwin\usr\local\CG52\Help\source\txt\dataEn\contents\45.txt
C:\cygwin\usr\local\CG52\Help\source\txt\dataEn\contents\46.txt
C:\cygwin\usr\local\CG52\Help\source\txt\dataEn\contents\47.txt
C:\cygwin\usr\local\CG52\Help\source\txt\dataEn\contents\48.txt
C:\cygwin\usr\local\CG52\Help\source\txt\dataEn\contents\49.txt
C:\cygwin\usr\local\CG52\Help\source\txt\dataEn\contents\5.txt
C:\cygwin\usr\local\CG52\Help\source\txt\dataEn\contents\50.txt
C:\cygwin\usr\local\CG52\Help\source\txt\dataEn\contents\51.txt
C:\cygwin\usr\local\CG52\Help\source\txt\dataEn\contents\52.txt
C:\cygwin\usr\local\CG52\Help\source\txt\dataEn\contents\53.txt
C:\cygwin\usr\local\CG52\Help\source\txt\dataEn\contents\54.txt
C:\cygwin\usr\local\CG52\Help\source\txt\dataEn\contents\55.txt
C:\cygwin\usr\local\CG52\Help\source\txt\dataEn\contents\56.txt
C:\cygwin\usr\local\CG52\Help\source\txt\dataEn\contents\57.txt
C:\cygwin\usr\local\CG52\Help\source\txt\dataEn\contents\58.txt
C:\cygwin\usr\local\CG52\Help\source\txt\dataEn\contents\59.txt
C:\cygwin\usr\local\CG52\Help\source\txt\dataEn\contents\6.txt
C:\cygwin\usr\local\CG52\Help\source\txt\dataEn\contents\60.txt
C:\cygwin\usr\local\CG52\Help\source\txt\dataEn\contents\61.txt
C:\cygwin\usr\local\CG52\Help\source\txt\dataEn\contents\62.txt
C:\cygwin\usr\local\CG52\Help\source\txt\dataEn\contents\64.txt
C:\cygwin\usr\local\CG52\Help\source\txt\dataEn\contents\65.txt
C:\cygwin\usr\local\CG52\Help\source\txt\dataEn\contents\66.txt
C:\cygwin\usr\local\CG52\Help\source\txt\dataEn\contents\67.txt
C:\cygwin\usr\local\CG52\Help\source\txt\dataEn\contents\68.txt
C:\cygwin\usr\local\CG52\Help\source\txt\dataEn\contents\69.txt
C:\cygwin\usr\local\CG52\Help\source\txt\dataEn\contents\7.txt
C:\cygwin\usr\local\CG52\Help\source\txt\dataEn\contents\70.txt
C:\cygwin\usr\local\CG52\Help\source\txt\dataEn\contents\71.txt
C:\cygwin\usr\local\CG52\Help\source\txt\dataEn\contents\72.txt
C:\cygwin\usr\local\CG52\Help\source\txt\dataEn\contents\73.txt
C:\cygwin\usr\local\CG52\Help\source\txt\dataEn\contents\74.txt
C:\cygwin\usr\local\CG52\Help\source\txt\dataEn\contents\75.txt
C:\cygwin\usr\local\CG52\Help\source\txt\dataEn\contents\76.txt
C:\cygwin\usr\local\CG52\Help\source\txt\dataEn\contents\77.txt
C:\cygwin\usr\local\CG52\Help\source\txt\dataEn\contents\78.txt
C:\cygwin\usr\local\CG52\Help\source\txt\dataEn\contents\79.txt
C:\cygwin\usr\local\CG52\Help\source\txt\dataEn\contents\8.txt
C:\cygwin\usr\local\CG52\Help\source\txt\dataEn\contents\80.txt
C:\cygwin\usr\local\CG52\Help\source\txt\dataEn\contents\81.txt
C:\cygwin\usr\local\CG52\Help\source\txt\dataEn\contents\82.txt
C:\cygwin\usr\local\CG52\Help\source\txt\dataEn\contents\83.txt
C:\cygwin\usr\local\CG52\Help\source\txt\dataEn\contents\85.txt
C:\cygwin\usr\local\CG52\Help\source\txt\dataEn\contents\86.txt
C:\cygwin\usr\local\CG52\Help\source\txt\dataEn\contents\87.txt
C:\cygwin\usr\local\CG52\Help\source\txt\dataEn\contents\88.txt
C:\cygwin\usr\local\CG52\Help\source\txt\dataEn\contents\89.txt
C:\cygwin\usr\local\CG52\Help\source\txt\dataEn\contents\9.txt
C:\cygwin\usr\local\CG52\Help\source\txt\dataEn\contents\90.txt
C:\cygwin\usr\local\CG52\Help\source\txt\dataEn\contents\91.txt
C:\cygwin\usr\local\CG52\Help\source\txt\dataEn\contents\92.txt
C:\cygwin\usr\local\CG52\Help\source\txt\dataEn\contents\93.txt
C:\cygwin\usr\local\CG52\Help\source\txt\dataEn\contents\94.txt
C:\cygwin\usr\local\CG52\Help\source\txt\dataEn\contents\95.txt
C:\cygwin\usr\local\CG52\Help\source\txt\dataEn\contents\96.txt
C:\cygwin\usr\local\CG52\Help\source\txt\dataEn\contents\97.txt
C:\cygwin\usr\local\CG52\Help\source\txt\dataEn\contents\98.txt
C:\cygwin\usr\local\CG52\Help\source\txt\dataEn\contents\99.txt
C:\cygwin\usr\local\CG52\icon\iconres.ezx
C:\cygwin\usr\local\CG52\mediaeditor\border
C:\cygwin\usr\local\CG52\mediaeditor\border\aurora.png
C:\cygwin\usr\local\CG52\mediaeditor\border\beach.png
C:\cygwin\usr\local\CG52\mediaeditor\border\calypso.png
C:\cygwin\usr\local\CG52\mediaeditor\border\clover.png
C:\cygwin\usr\local\CG52\mediaeditor\border\equinox.png
C:\cygwin\usr\local\CG52\mediaeditor\border\rave.png
C:\cygwin\usr\local\CG52\mediaeditor\border\virtual.png
C:\cygwin\usr\local\CG52\mystuff\ezx_mystuffstruct.cfg
C:\cygwin\usr\local\CG52\oss\OpenSourceNotices.html
C:\cygwin\usr\local\CG52\picture\ss_alkali_240x320.gif
C:\cygwin\usr\local\CG52\picture\ss_indium_240x320.gif
C:\cygwin\usr\local\CG52\picture\ss_liquid_sky_240x320.gif
C:\cygwin\usr\local\CG52\picture\ss_pink.gif
C:\cygwin\usr\local\CG52\picture\ss_velvet_240x320.gif
C:\cygwin\usr\local\CG52\picture\wp_alkali_240x320.gif
C:\cygwin\usr\local\CG52\picture\wp_alkali_240x320.jpg
C:\cygwin\usr\local\CG52\picture\wp_amber_240x320.jpg
C:\cygwin\usr\local\CG52\picture\wp_amour_240x320.jpg
C:\cygwin\usr\local\CG52\picture\wp_blend_240x320.jpg
C:\cygwin\usr\local\CG52\picture\wp_green_shade_240x320.jpg
C:\cygwin\usr\local\CG52\picture\wp_indium_240x320.gif
C:\cygwin\usr\local\CG52\picture\wp_indium_240x320.jpg
C:\cygwin\usr\local\CG52\picture\wp_origami_240x320.jpg
C:\cygwin\usr\local\CG52\picture\wp_pinky_240x320.jpg
C:\cygwin\usr\local\CG52\picture\wp_radiance_240x320.jpg
C:\cygwin\usr\local\CG52\picture\wp_yellow_240x320.jpg
C:\cygwin\usr\local\CG52\poweroff\splash_powerdown_ani_full.gif
C:\cygwin\usr\local\CG52\poweron\splash_powerup_ani_full.gif
C:\cygwin\usr\local\CG52\preloadapps\ActionRegistry
C:\cygwin\usr\local\CG52\preloadapps\javaapps
C:\cygwin\usr\local\CG52\preloadapps\qtapps
C:\cygwin\usr\local\CG52\preloadapps\SysMenuTree
C:\cygwin\usr\local\CG52\preloadapps\SysMime
C:\cygwin\usr\local\CG52\preloadapps\SysPluginRegistry
C:\cygwin\usr\local\CG52\preloadapps\SysRegistry
C:\cygwin\usr\local\CG52\preloadapps\javaapps\BACKUP_Z6_F_ENNLFRDEITPTESTR_VER_01.02.20.jad
C:\cygwin\usr\local\CG52\preloadapps\javaapps\BACKUP_Z6_F_ENNLFRDEITPTESTR_VER_01.02.20.jar
C:\cygwin\usr\local\CG52\preloadapps\javaapps\Football_F_Z6_EN_DE_FR_IT_ES_2.3.3.jad
C:\cygwin\usr\local\CG52\preloadapps\javaapps\Football_F_Z6_EN_DE_FR_IT_ES_2.3.3.jar
C:\cygwin\usr\local\CG52\preloadapps\javaapps\JavaDB
C:\cygwin\usr\local\CG52\preloadapps\javaapps\MOTOROLASETUP_Z6_F_ENNLFRDEITPTESTR_VER_01.01.30.jad
C:\cygwin\usr\local\CG52\preloadapps\javaapps\MOTOROLASETUP_Z6_F_ENNLFRDEITPTESTR_VER_01.01.30.jar
C:\cygwin\usr\local\CG52\preloadapps\javaapps\MOTOROLATEXT_Z6_F_ENNLFRDEITPTESTR_VER_01.01.30.jad
C:\cygwin\usr\local\CG52\preloadapps\javaapps\MOTOROLATEXT_Z6_F_ENNLFRDEITPTESTR_VER_01.01.30.jar
C:\cygwin\usr\local\CG52\preloadapps\javaapps\RoughGuide_Z6_F_ENITESFRDE_VER_1_0_9.jad
C:\cygwin\usr\local\CG52\preloadapps\javaapps\RoughGuide_Z6_F_ENITESFRDE_VER_1_0_9.jar
C:\cygwin\usr\local\CG52\preloadapps\javaapps\Sudoku_F_Z6_EN_DE_FR_IT_ES_1.6.8.jad
C:\cygwin\usr\local\CG52\preloadapps\javaapps\Sudoku_F_Z6_EN_DE_FR_IT_ES_1.6.8.jar
C:\cygwin\usr\local\CG52\printing\print_image.jpg
C:\cygwin\usr\local\CG52\printing\print_six_images.jpg
C:\cygwin\usr\local\CG52\printing\print_thumbnails.jpg
C:\cygwin\usr\local\CG52\printing\print_two_images.jpg
C:\cygwin\usr\local\CG52\quickpage\Celebrate.mms
C:\cygwin\usr\local\CG52\quickpage\CheerUp.mms
C:\cygwin\usr\local\CG52\quickpage\HappyBirthday.mms
C:\cygwin\usr\local\CG52\quickpage\HaveFun.mms
C:\cygwin\usr\local\CG52\quickpage\Hi.mms
C:\cygwin\usr\local\CG52\quickpage\ILoveYou.mms
C:\cygwin\usr\local\CG52\quickpage\LetsMeet.mms
C:\cygwin\usr\local\CG52\quickpage\RunningLate.mms
C:\cygwin\usr\local\CG52\quickpage\ThankYou.mms
C:\cygwin\usr\local\CG52\quickpage\ThinkingofYou.mms
C:\cygwin\usr\local\CG52\quicktext\en-us.qkt
C:\cygwin\usr\local\CG52\quicktext\zh-cn.qkt
C:\cygwin\usr\local\CG52\quicktext\zh-hk.qkt
C:\cygwin\usr\local\CG52\skin\addressbook_p.ini
C:\cygwin\usr\local\CG52\skin\alarmclock_p.ini
C:\cygwin\usr\local\CG52\skin\default1
C:\cygwin\usr\local\CG52\skin\default2
C:\cygwin\usr\local\CG52\skin\default3
C:\cygwin\usr\local\CG52\skin\demoapp_c.ini
C:\cygwin\usr\local\CG52\skin\demoapp_p.ini
C:\cygwin\usr\local\CG52\skin\device.ini
C:\cygwin\usr\local\CG52\skin\email_p.ini
C:\cygwin\usr\local\CG52\skin\kvm_c.ini
C:\cygwin\usr\local\CG52\skin\mainmenu_p.ini
C:\cygwin\usr\local\CG52\skin\messaging_p.ini
C:\cygwin\usr\local\CG52\skin\mystuff_p.ini
C:\cygwin\usr\local\CG52\skin\phone_p.ini
C:\cygwin\usr\local\CG52\skin\worldclock_p.ini
C:\cygwin\usr\local\CG52\skin\default1\calculator_p.ini
C:\cygwin\usr\local\CG52\skin\default1\calendar_p.ini
C:\cygwin\usr\local\CG52\skin\default1\camera_p.ini
C:\cygwin\usr\local\CG52\skin\default1\demoapp_p.ini
C:\cygwin\usr\local\CG52\skin\default1\info.ini
C:\cygwin\usr\local\CG52\skin\default1\mediaplayer_p.ini
C:\cygwin\usr\local\CG52\skin\default1\messaging_p.ini
C:\cygwin\usr\local\CG52\skin\default1\phone_p.ini
C:\cygwin\usr\local\CG52\skin\default1\preview.jpg
C:\cygwin\usr\local\CG52\skin\default1\voicenote_p.ini
C:\cygwin\usr\local\CG52\skin\default2\alarmclock_p.ini
C:\cygwin\usr\local\CG52\skin\default2\calculator_p.ini
C:\cygwin\usr\local\CG52\skin\default2\calendar_p.ini
C:\cygwin\usr\local\CG52\skin\default2\camera_p.ini
C:\cygwin\usr\local\CG52\skin\default2\common.ini
C:\cygwin\usr\local\CG52\skin\default2\iconres.ezx
C:\cygwin\usr\local\CG52\skin\default2\info.ini
C:\cygwin\usr\local\CG52\skin\default2\mediaplayer_p.ini
C:\cygwin\usr\local\CG52\skin\default2\messaging_p.ini
C:\cygwin\usr\local\CG52\skin\default2\phone_p.ini
C:\cygwin\usr\local\CG52\skin\default2\preview.jpg
C:\cygwin\usr\local\CG52\skin\default2\voicenote_p.ini
C:\cygwin\usr\local\CG52\skin\default2\worldclock_p.ini
C:\cygwin\usr\local\CG52\skin\default3\alarmclock_p.ini
C:\cygwin\usr\local\CG52\skin\default3\calculator_p.ini
C:\cygwin\usr\local\CG52\skin\default3\calendar_p.ini
C:\cygwin\usr\local\CG52\skin\default3\camera_p.ini
C:\cygwin\usr\local\CG52\skin\default3\common.ini
C:\cygwin\usr\local\CG52\skin\default3\iconres.ezx
C:\cygwin\usr\local\CG52\skin\default3\info.ini
C:\cygwin\usr\local\CG52\skin\default3\mediaplayer_p.ini
C:\cygwin\usr\local\CG52\skin\default3\messaging_p.ini
C:\cygwin\usr\local\CG52\skin\default3\phone_p.ini
C:\cygwin\usr\local\CG52\skin\default3\preview.jpg
C:\cygwin\usr\local\CG52\skin\default3\voicenote_p.ini
C:\cygwin\usr\local\CG52\skin\default3\worldclock_p.ini
C:\cygwin\usr\local\CG52\slidetone\ezx_slidetone.cfg
C:\cygwin\usr\local\CG52\sound\ringtones
C:\cygwin\usr\local\CG52\sound\slider_tones
C:\cygwin\usr\local\CG52\sound\ui_sounds
C:\cygwin\usr\local\CG52\sound\ringtones\rt_ambient.mid
C:\cygwin\usr\local\CG52\sound\ringtones\rt_clubland.mid
C:\cygwin\usr\local\CG52\sound\ringtones\rt_elemental.mid
C:\cygwin\usr\local\CG52\sound\ringtones\rt_energize.mid
C:\cygwin\usr\local\CG52\sound\ringtones\rt_flawless.mid
C:\cygwin\usr\local\CG52\sound\ringtones\rt_helix.mp3
C:\cygwin\usr\local\CG52\sound\ringtones\rt_lava.mid
C:\cygwin\usr\local\CG52\sound\ringtones\rt_moto.mp3
C:\cygwin\usr\local\CG52\sound\ringtones\rt_nightclub.mp3
C:\cygwin\usr\local\CG52\sound\ringtones\rt_orient.mid
C:\cygwin\usr\local\CG52\sound\ringtones\rt_polyphonic_alert_1.mid
C:\cygwin\usr\local\CG52\sound\ringtones\rt_polyphonic_alert_2.mid
C:\cygwin\usr\local\CG52\sound\ringtones\rt_polyphonic_alert_3.mid
C:\cygwin\usr\local\CG52\sound\ringtones\rt_polyphonic_alert_4.mid
C:\cygwin\usr\local\CG52\sound\ringtones\rt_polyphonic_alert_5.mid
C:\cygwin\usr\local\CG52\sound\ringtones\rt_retro.mid
C:\cygwin\usr\local\CG52\sound\ringtones\rt_rings.mp3
C:\cygwin\usr\local\CG52\sound\ringtones\rt_sonic.mp3
C:\cygwin\usr\local\CG52\sound\ringtones\rt_star.mp3
C:\cygwin\usr\local\CG52\sound\ringtones\rt_sunshine.mid
C:\cygwin\usr\local\CG52\sound\slider_tones\ui_basic_close.wav
C:\cygwin\usr\local\CG52\sound\slider_tones\ui_basic_open.wav
C:\cygwin\usr\local\CG52\sound\slider_tones\ui_cell_close.wav
C:\cygwin\usr\local\CG52\sound\slider_tones\ui_cell_open.wav
C:\cygwin\usr\local\CG52\sound\slider_tones\ui_chord_close.wav
C:\cygwin\usr\local\CG52\sound\slider_tones\ui_chord_open.wav
C:\cygwin\usr\local\CG52\sound\slider_tones\ui_gizmo_close.wav
C:\cygwin\usr\local\CG52\sound\slider_tones\ui_gizmo_open.wav
C:\cygwin\usr\local\CG52\sound\slider_tones\ui_light_close.wav
C:\cygwin\usr\local\CG52\sound\slider_tones\ui_light_open.wav
C:\cygwin\usr\local\CG52\sound\slider_tones\ui_power_close.wav
C:\cygwin\usr\local\CG52\sound\slider_tones\ui_power_open.wav
C:\cygwin\usr\local\CG52\sound\ui_sounds\ui_beep.wav
C:\cygwin\usr\local\CG52\sound\ui_sounds\ui_camera_shutter_1.wav
C:\cygwin\usr\local\CG52\sound\ui_sounds\ui_camera_shutter_2.wav
C:\cygwin\usr\local\CG52\sound\ui_sounds\ui_camera_shutter_3.wav
C:\cygwin\usr\local\CG52\sound\ui_sounds\ui_camera_shutter_4.wav
C:\cygwin\usr\local\CG52\sound\ui_sounds\ui_camera_shutter_5.wav
C:\cygwin\usr\local\CG52\sound\ui_sounds\ui_camera_shutter_6.wav
C:\cygwin\usr\local\CG52\sound\ui_sounds\ui_carrierkey.wav
C:\cygwin\usr\local\CG52\sound\ui_sounds\ui_child.wav
C:\cygwin\usr\local\CG52\sound\ui_sounds\ui_chimes_high.imy
C:\cygwin\usr\local\CG52\sound\ui_sounds\ui_chimes_low.imy
C:\cygwin\usr\local\CG52\sound\ui_sounds\ui_chord_high.imy
C:\cygwin\usr\local\CG52\sound\ui_sounds\ui_chord_low.imy
C:\cygwin\usr\local\CG52\sound\ui_sounds\ui_claps.imy
C:\cygwin\usr\local\CG52\sound\ui_sounds\ui_countdown_sound_10.wav
C:\cygwin\usr\local\CG52\sound\ui_sounds\ui_countdown_sound_5.wav
C:\cygwin\usr\local\CG52\sound\ui_sounds\ui_deselect.wav
C:\cygwin\usr\local\CG52\sound\ui_sounds\ui_ding.imy
C:\cygwin\usr\local\CG52\sound\ui_sounds\ui_drum.imy
C:\cygwin\usr\local\CG52\sound\ui_sounds\ui_fanfare.imy
C:\cygwin\usr\local\CG52\sound\ui_sounds\ui_handover.wav
C:\cygwin\usr\local\CG52\sound\ui_sounds\ui_im.wav
C:\cygwin\usr\local\CG52\sound\ui_sounds\ui_lbatchrg.wav
C:\cygwin\usr\local\CG52\sound\ui_sounds\ui_lbatlow.wav
C:\cygwin\usr\local\CG52\sound\ui_sounds\ui_lcaldrop.wav
C:\cygwin\usr\local\CG52\sound\ui_sounds\ui_lcaltimr.wav
C:\cygwin\usr\local\CG52\sound\ui_sounds\ui_lconfirm.wav
C:\cygwin\usr\local\CG52\sound\ui_sounds\ui_ldevcnct.wav
C:\cygwin\usr\local\CG52\sound\ui_sounds\ui_ldevdrop.wav
C:\cygwin\usr\local\CG52\sound\ui_sounds\ui_lendlist.wav
C:\cygwin\usr\local\CG52\sound\ui_sounds\ui_lerror.wav
C:\cygwin\usr\local\CG52\sound\ui_sounds\ui_lkeyend.wav
C:\cygwin\usr\local\CG52\sound\ui_sounds\ui_lkeygen.wav
C:\cygwin\usr\local\CG52\sound\ui_sounds\ui_lkeyhold.wav
C:\cygwin\usr\local\CG52\sound\ui_sounds\ui_lkeysend.wav
C:\cygwin\usr\local\CG52\sound\ui_sounds\ui_lnegate.wav
C:\cygwin\usr\local\CG52\sound\ui_sounds\ui_logoff.wav
C:\cygwin\usr\local\CG52\sound\ui_sounds\ui_logon.wav
C:\cygwin\usr\local\CG52\sound\ui_sounds\ui_lscrofst.wav
C:\cygwin\usr\local\CG52\sound\ui_sounds\ui_lsoftkey.wav
C:\cygwin\usr\local\CG52\sound\ui_sounds\ui_lvxprompt.wav
C:\cygwin\usr\local\CG52\sound\ui_sounds\ui_lvxprompt_8K.wav
C:\cygwin\usr\local\CG52\sound\ui_sounds\ui_notify.imy
C:\cygwin\usr\local\CG52\sound\ui_sounds\ui_page_down.wav
C:\cygwin\usr\local\CG52\sound\ui_sounds\ui_page_up.wav
C:\cygwin\usr\local\CG52\sound\ui_sounds\ui_parent.wav
C:\cygwin\usr\local\CG52\sound\ui_sounds\ui_power_down_mono.wav
C:\cygwin\usr\local\CG52\sound\ui_sounds\ui_power_up_mono.wav
C:\cygwin\usr\local\CG52\sound\ui_sounds\ui_scroll_one_down.wav
C:\cygwin\usr\local\CG52\sound\ui_sounds\ui_scroll_one_up.wav
C:\cygwin\usr\local\CG52\sound\ui_sounds\ui_select.wav
C:\cygwin\usr\local\CG52\sound\ui_sounds\ui_tada.imy
C:\cygwin\usr\local\CG52\sound\ui_sounds\ui_text_mode.wav
C:\cygwin\usr\local\CG52\sound\ui_sounds\ui_text_new.wav
C:\cygwin\usr\local\CG52\sound\ui_sounds\ui_text_number.wav
C:\cygwin\usr\local\CG52\sound\ui_sounds\ui_text_star.wav
C:\cygwin\usr\local\CG52\sound\ui_sounds\ui_text_zero.wav
C:\cygwin\usr\local\CG52\sound\ui_sounds\ui_volume.wav
C:\cygwin\usr\local\CG52\sound\ui_sounds\ui_wrap_down.wav
C:\cygwin\usr\local\CG52\sound\ui_sounds\ui_wrap_up.wav
C:\cygwin\usr\local\CG52\string\dnp_cs.qm
C:\cygwin\usr\local\CG52\string\dnp_sk.qm
C:\cygwin\usr\local\CG52\theme\ezx_theme.cfg
C:\cygwin\usr\local\CG52\theme\theme1.phm
C:\cygwin\usr\local\CG52\theme\theme2.phm
C:\cygwin\usr\local\CG52\theme\theme3.phm
C:\cygwin\usr\local\CG52\videos\vd_nova_240x196.3gp
C:\cygwin\usr\local\CG52\wvimps\quick_ims.cfg
