/usr/data_resource/skin/default1/addressbook_p.ini
/usr/data_resource/skin/default1/alarmclock_p.ini
/usr/data_resource/skin/default1/calculator_p.ini
/usr/data_resource/skin/default1/calendar_p.ini
/usr/data_resource/skin/default1/camera_p.ini
/usr/data_resource/skin/default1/common.ini
/usr/data_resource/skin/default1/email_p.ini
/usr/data_resource/skin/default1/fmradio_p.ini
/usr/data_resource/skin/default1/iconres.ezx
/usr/data_resource/skin/default1/info.ini
/usr/data_resource/skin/default1/mainmenu_p.ini
/usr/data_resource/skin/default1/mediaplayer_p.ini
/usr/data_resource/skin/default1/messaging_p.ini
/usr/data_resource/skin/default1/mystuff_p.ini
/usr/data_resource/skin/default1/openwindow_c.ini
/usr/data_resource/skin/default1/openwindow_p.ini
/usr/data_resource/skin/default1/phone_p.ini
/usr/data_resource/skin/default1/voicenote_p.ini
/usr/data_resource/skin/default1/worldclock_p.ini
/usr/data_resource/skin/default1/preview.jpg
/usr/data_resource/skin/default2/addressbook_p.ini
/usr/data_resource/skin/default2/alarmclock_p.ini
/usr/data_resource/skin/default2/calculator_p.ini
/usr/data_resource/skin/default2/calendar_p.ini
/usr/data_resource/skin/default2/camera_p.ini
/usr/data_resource/skin/default2/common.ini
/usr/data_resource/skin/default2/email_p.ini
/usr/data_resource/skin/default2/fmradio_p.ini
/usr/data_resource/skin/default2/iconres.ezx
/usr/data_resource/skin/default2/info.ini
/usr/data_resource/skin/default2/mainmenu_p.ini
/usr/data_resource/skin/default2/mediaplayer_p.ini
/usr/data_resource/skin/default2/messaging_p.ini
/usr/data_resource/skin/default2/mystuff_p.ini
/usr/data_resource/skin/default2/openwindow_c.ini
/usr/data_resource/skin/default2/openwindow_p.ini
/usr/data_resource/skin/default2/phone_p.ini
/usr/data_resource/skin/default2/voicenote_p.ini
/usr/data_resource/skin/default2/worldclock_p.ini
/usr/data_resource/skin/default2/preview.jpg
/usr/data_resource/skin/default3/addressbook_p.ini
/usr/data_resource/skin/default3/alarmclock_p.ini
/usr/data_resource/skin/default3/calculator_p.ini
/usr/data_resource/skin/default3/calendar_p.ini
/usr/data_resource/skin/default3/camera_p.ini
/usr/data_resource/skin/default3/common.ini
/usr/data_resource/skin/default3/email_p.ini
/usr/data_resource/skin/default3/fmradio_p.ini
/usr/data_resource/skin/default3/iconres.ezx
/usr/data_resource/skin/default3/info.ini
/usr/data_resource/skin/default3/mainmenu_p.ini
/usr/data_resource/skin/default3/mediaplayer_p.ini
/usr/data_resource/skin/default3/messaging_p.ini
/usr/data_resource/skin/default3/mystuff_p.ini
/usr/data_resource/skin/default3/openwindow_c.ini
/usr/data_resource/skin/default3/openwindow_p.ini
/usr/data_resource/skin/default3/phone_p.ini
/usr/data_resource/skin/default3/skinfiles.lst
/usr/data_resource/skin/default3/voicenote_p.ini
/usr/data_resource/skin/default3/worldclock_p.ini
/usr/data_resource/skin/default3/preview.jpg
