PHASING_VERSION
PA_PHASING_CONFIGURATION
DB_SHORTCUT
DFLT_CARD_SLOT_CONFIGURATION
IMEI
IMEISV
PA_CALIBRATION
PA_POWER_CUTS
PA_CALIBRATION_BAND_2
PA_CALIBRATION_BAND_3
AGC_MINIMUM_PWR_LEVEL
AGC_TABLE
AGC_TABLE_BAND_2
AGC_TABLE_BAND_3
AGC_EGSM_TABLE
AFC_ADJUST
AFC_ADJUST_BAND_2
FACTORY_SERIAL_NUMBER
FACTORY_INFO
FACTORY_MAXIMUM_POWER_CLASS
FACTORY_MAXIMUM_POWER_CLASS_BAND_2
FACTORY_MAXIMUM_POWER_CLASS_BAND_3
FACTORY_TRACKING_INFO
FACTORY_SUBSIDY_FLAG
CLASSMARK
CLASSMARK_I
CLASSMARK_II
CLASSMARK_III
CLASSMARK_BAND_2
CLASSMARK_I_BAND_2
CLASSMARK_II_BAND_2
CLASSMARK_BAND_3
CLASSMARK_I_BAND_3
CLASSMARK_II_BAND_3
RX_IQ_BALANCE
MIC_GAIN
HAPI_DTOA_PHASING_VALUES
BAND_CAPABILITY
MAP_VERSION
VOLUME_STEP_TABLES
SUBADDRESS_TABLE
DSP_AUDIO_PROCEDURES
BEARER_CAPABILITY_TABLE
AUDIO_GAINS
PREV_PWR_DN_CAUSE
LAST_BAND_SELECTED
RSP_REGISTRATION_STATE
HAPI_ATOD_PHASING_VALUES
SBCM_BATT_THRSHLD_OFFSET_DFLTS
SBCM_MIDRATE_MIN_CALL_THRSHLD
GLOBAL_FLEX_TABLE
MMISS_DIVERT_TO_NUMBERS
EMERGENCY_NUMBERS
ABBREVIATED_DIALING
NVM_MSISDN
QUICK_DIALING
RECENT_CALL_RECEIVED
RECENT_CALL_DIALED
GSM_CHECKSUM
CDMA_CHECKSUM
BATTERY_CHECKSUM
SYNERGY_CHECKSUM
VA_ARRAY_SIZE
VA_VALID_RECORD_TABLE
VR_PB_MODEL_INFO
VR_FA_MODEL_INFO
VR_GLOBAL_STATISTICS
VR_PB_VALID_RECORD_TABLE
VR_FA_VALID_RECORD_TABLE
VA_GROUP_VOICE_NOTES
VA_GROUP_ANSWERING_MACHINE
MCU_LOGGER_CONFIG
MCU_LOGGER_MASTER_BITS
CN_MESSAGE_ID
GLOBAL_FEATURE_STATE_NVM
GLOBAL_FEATURE_STATE_DEFAULT_NVM
LOCAL_FEATURE_STATE_NVM
LOCAL_FEATURE_STATE_DEFAULT_NVM
GLOBAL_FEATURE_VALUE_NVM
GLOBAL_FEATURE_VALUE_DEFAULT_NVM
LOCAL_FEATURE_VALUE_NVM
LOCAL_FEATURE_VALUE_DEFAULT_NVM
NAME_OF_PHONELINE1
NAME_OF_PHONELINE2
PHONE1_NUMBER
PHONE2_NUMBER
CDMA_QNC_NUMBER
NOTEPAD_DATA
DFLT_NOTEPAD_DATA
SUBSIDY_LOCK_CDMA_PASSWORD
EXPIRATION_DATE
KEY_CODE_TABLES
EXPOSED_KEY_TABLES
TDMA_MIN_MATCHING_TABLE
CDMA_MIN_MATCHING_TABLE
SUBSIDY_LOCK_GSM_HLR_TABLE
DB_SHORTCUT_REORDER_DATA
BRAND_ID_TEXT
DFLT_BRAND_ID_TEXT
READY_TEXT_BANNER
SERVICE_CENTRE_NUMBER
VOICE_MAIL_NUMBER
USER_HOME_PAGE
DEFAULT_URL
DFLT_DEFAULT_URL
PHONE_LOCK_PASSWORD
DFLT_PHONE_LOCK_PASSWORD
CARD_SLOT_CONFIGURATION
MSG_DB_CDMA_HISTORY_LIST
MMA_MENU_TABLE
MMA_APP_TABLE
DFLT_NETWORK_SEARCH_MODE
CUS_WAKEUP_GRAPHICS
DFLT_NETWORK_SEARCH_FREQUENCY
DEVICE_INFO
CURRENCY_LIST
PHONE_UNLOCK_CODE
DFLT_PHONE_UNLOCK_CODE
SECURITY_CODE
DFLT_SECURITY_CODE
DFLT_LAST_BAND_SELECTED
ESN
CP_BARKER
KEY_POSITION_TABLES
KEY_INFO
SHORT_MESSAGE
DATEBOOK_DATABASE
DATEBOOK_STATUS_RECORD
DATEBOOK_WAKEUP_ALARM
CDMA_PRIORITY_NUMBER_1
CDMA_PRIORITY_NUMBER_2
CDMA_PRIORITY_NUMBER_3
SUBSIDY_PLMN
PLMN_TEXTS
CUSTOM_HPLMN_FLEX_TABLE
CDMA_PERM_NAM
CDMA_NAM_1_4
SAM_UART_PARAMETERS
CDMA_PHASING
CDMA_RSSI_TABLE_1
CDMA_RSSI_TABLE_2
CDMA_PWR_CTRL_TABLE_1
CDMA_PWR_CTRL_TABLE_2
CDMA_COMP_TABLE_1
CDMA_COMP_TABLE_2
CDMA_HWCFG
CDMA_PU_TASK_CONFIG
CDMA_MISC
CDMA_FACTORY
CDMA_LNA_GAIN
CDMA_SID_LIST
CDMA_SID_NID_LIST
CDMA_ROAM_LIST
CDMA_AFC
CDMA_PRL_STATUS
BARKER
NETWORK_SEARCH_MODE
NETWORK_SEARCH_FREQUENCY
FAIL_COUNTERS
L1_PASSIVE_FAIL_INFO
SS_METER_PARAMETERS
DATA_CAPABILITY
SPEECH_CAPABILITY
MMI_POWER_CLASS_SETTING
SM_CAPABILITY
CDMA_AUTH_COUNT
CDMA_AUTH_DATA
CELL_BROADCAST_CHANNEL
CDMA_VERSION_LIST
CDMA_PRL_HISTORY
SAM_TABLE_MAP
SAM_LOCAL_DEVICE
SAM_LOCAL_SERVICE
SAM_LOCAL_SERVICE_INFO
SAM_SAVED_REMOTE_DEVICE
DIALING
SAM_PHANDLE_SAVED_REMOTE_SERVICE
SAM_PHANDLE_SAVED_REMOTE_SERVICE_INFO
SAM_SERVICE_TO_TRANSFORM
SAM_TRUST_LEVEL_SAVED_REMDEV_LOCSERV
SAM_SECURITY_POLICY_FOR_REMSERV
SAM_PHANDLE_SRH_BDADDR_SAVED_REMSERV
SAM_SERVICE_TYPE_TO_BT_PSM_SC
ESNX_TDMA
A_KEY
SSDC_A
SSDS_A
SSDC_B
SSDS_B
SSDA
SSDB
IRDB_A
IRDB_B
IRDB_BARKER
IRDB_INDEX
NAM_A
NAM_B
NAM_BARKER
NAM_INDEX
MOBILE_IP_A
MOBILE_IP_B
MOBILE_IP_BARKER
MOBILE_IP_INDEX
ALPHATAGS_A
ALPHATAGS_B
ALPHATAGS_BARKER
ALPHATAGS_INDEX
NPS_NAM_A
NPP_NAM_A
NPS_NAM_B
NPP_NAM_B
NON_PUBLIC_NAM_BARKER
NON_PUBLIC_NAM_INDEX
NPS
NPP
NON_PUBLIC_CHECKSUM
GUTS_CONFIG_A
GUTS_CONFIG_B
GUTS_CONFIG_BARKER
GUTS_CONFIG_INDEX
SCM
CSC_COUNT
CUSTOM_CNTL_CH
COUNT
HSDB
TEST_REG_FIFO_INDEX
DEFAULT_PRIVATE_TAG_NUM
DEFAULT_RESID_TAG_NUM
SERVICE_CODE_MAP
NETWORK_TYPES
PRIORITY1_NETWORK_TYPE
PRIORITY2_NETWORK_TYPE
PRIORITY3_NETWORK_TYPE
FAX_DM_PARAMS
DATA_DM_PARAMS
FAX_BANDWIDTH
DATA_BANDWIDTH
ADD_TRIG_SCAN
IR_CTRL_WORD_DEFAULT
SUB_BAND_PRIO_ORDER_DEFAULT
HISTORY_THRESHOLD_DEFAULT
NUM_DHT_DEFAULT
NUM_BHT_DEFAULT
RESCAN_INIT_VAL_SELECT
RESCAN_INIT_OFFSET_DEFAULT
ALPHATAGS_DEFAULT
IR_RESTART_STATE
IR_RESTART_MIN_VALUE
IR_RESTART_MAX_VALUE
RSSI_AVG_NUMOFSAMPLES
RSSI_BAR_MAPPING
MAX_REDIAL_ATTEMPTS
PV_VERSION_SET
PHASING_TABLE
PFC_CLASS_SET
SOFTWARE_VINTAGE
HARDWARE_VINTAG
COMP_MODEL_NO
AUTH_FAIL_MAX
SCAN_TYPE_CONTROL_WORD
SCAN_TYPE_SETTING
TDMA_FLEX_TABLE
GPRS_MS_OPERATION_MODE
MS_RADIO_ACCESS_CAPABILITY
DRX_PARAMETER
MS_MULTISLOT_CAPABILITY_PARAMS
GPRS_ATTACH_AT_POWER_UP
GPRS_PDP_CONTEXT_DATA
GPRS_PDP_CONTEXT_PCO
GPRS_AA_READY_TIMER_AND_UNIT
GPRS_READY_TIMER_AND_UNIT
GPRS_PRIMITIVE_L1_TO_LOGGER_OPTIONS
GPRS_CIPHER_KEY
GPRS_CIPHER_KEY_SEQUENCE_NUMBER
PTMSI
PTMSI_SIGNATURE
GPRS_RAI
GPRS_ROUTING_AREA_UPDATE_STATUS
TCMD_MSG_RT_LIST
MODEL_ID
MANUFACTURER_ID
DFLT_MANUFACTURER_ID
COOLLINK_URL_ROOT
DFLT_COOLLINK_URL_ROOT
MYMOTOROLA_URL_ROOT
DFLT_MYMOTOROLA_URL_ROOT
IMSI
TDMA_EMERGENCY_NUMBER2
TDMA_EMERGENCY_NUMBER3
ALARM_STATUS_RECORD
DFLT_ALARM_STATUS_RECORD
BROWSER_NETWORK_INFO
FM_RADIO_PRESET_STATION_ARRAY
DFLT_FM_RADIO_PRESET_STATION_ARRAY
LOCAL_FLEX_TABLE
GLOBAL_FEATURE_STATE_NVM_SIM
GLOBAL_FEATURE_STATE_DEFAULT_NVM_SIM
LOCAL_FEATURE_STATE_NVM_SIM
LOCAL_FEATURE_STATE_DEFAULT_NVM_SIM
GLOBAL_FEATURE_VALUE_NVM_SIM
GLOBAL_FEATURE_VALUE_DEFAULT_NVM_SIM
LOCAL_FEATURE_VALUE_NVM_SIM
LOCAL_FEATURE_VALUE_DEFAULT_NVM_SIM
VOICEMAIL_MSG_WAITING_LINE2
VOICE_MAIL_NUMBER_LINE2
BROWSER_RUN_TIME_CACHE
BT_11_FRIENDLYNAME
DFLT_BT_11_FRIENDLYNAME
CK_BILLING
DFLT_CK_BILLING
SUBSIDY_LOCK
DFLT_EXPIRATION_DATE
DFLT_READY_TEXT_BANNER
DFLT_SUBSIDY_LOCK
USR_TEXT_GREETING
MODEL_INFO
REVISION_INFO
BROWSER_PROXY_INFO
BROWSER_MISC_INFO
SUBSIDY_LOCK_COUNT
LOG_TDMA_LL
LOG_TDMA_CP
SMS_MO_MAX_MESSAGE_SIZE
SMS_MT_MAX_MESSAGE_SIZE
MDSM_FAT_TABLE
SBCM_BATT_DATA_DFLTS
SERIAL_NUMBER_INFO
AUTO_PIN_CODE
DFLT_AUTO_PIN_CODE
QUICK_DIAL_MENU_APPS_NAME
QUICK_DIAL_MENU_APPS_NAME_ABBR
QUICK_DIAL_NUMS_NAME
QUICK_DIAL_NUMS_NAME1
QUICK_DIAL_NUMS_NAME2
QUICK_DIAL_NUMS_NAME3
QUICK_DIAL_NUM
QUICK_DIAL_NUM1
QUICK_DIAL_NUM2
QUICK_DIAL_NUM3
CUSTOM_TUNE_RECORDS
SEARCH_ROAM_NETWORK
HOME_NETWORK
ROAM_NETWORK
SHORTCUT_SLOTS
DFLT_SHORTCUT_SLOTS
MO_MAX_MESSAGE_SIZE
MT_MAX_MESSAGE_SIZE
SUBSIDY_LOCK_GSM_HPLMN_LIST
SUBSIDY_LOCK_GSM_SSCP
SUBSIDY_LOCK_GSM_NWSCP
SUBSIDY_LOCK_GSM_VALID_PLMN_LIST
SUBSIDY_LOCK_GSM_SIM_GID1
SUBSIDY_LOCK_GSM_SIM_GID2
SUBSIDY_LOCK_GSM_SIM_SP_CODE
OTA_SUBSIDY_LOCK_CODE
DFLT_OTA_SUBSIDY_LOCK_CODE
CDMA_HOME_NAME
DFLT_CDMA_HOME_NAME
SMS_VOICEMAIL_MESSAGE
MS_NETWORK_CAPABILITY
DEEP_SLEEP_MODE
BLANK_CAMPING
BLANK_ONCALL
NO_SVC
NO_SVC_FORBIDDEN_ONLY
FORBIDDEN
SCANNING_ALPHA
WAIT_SERVICE
WAIT_REDIAL
TECHNOLOGY
RLPW_CONFIG
RSVD
WAIT_SCAN
TDMA_SERVICE_MENU
ESN_CRYPTO_STATUS_FLAG
ESN_CRYPTO_INFO
USB_CDC_CONFIG
NORMAL_PD_INFO
DB_SHORTCUT_URL
SUBSIDY_LOCK_OTKSL_PASSWORD
DP_GAIN_PGSM_EGSM
DP_GAIN_DCS1800
DP_GAIN_PCS1900
VERSION_OF_FLEX_FILES
DISPLAY_SETTINGS
DFLT_DISPLAY_SETTINGS
DATABASE_VERSIONS
ABBR_RECORDS_EXISTENCE_ID
INTIAL_PHONE_LOCK_CODE
SUBSIDY_LOCK_SOC_TABLE
SUBSIDY_LOCK_BIT_AND_CLR_SSD_BIT
ALL_ONE
ALL_ZERO
SUBSIDY_LOCK_SECONDARY_SP_CODE
PRI_CHECKSUM
EMAIL_GATEWAY_MIN_A
EMAIL_GATEWAY_MIN_B
EMAIL_GATEWAY_MIN
DFLT_EMAIL_GATEWAY_MIN
EMAIL_GATEWAY_MIN_NAM_2
DFLT_EMAIL_GATEWAY_MIN_NAM_2
EMAIL_GATEWAY_MIN_NAM_3
DFLT_EMAIL_GATEWAY_MIN_NAM_3
EMAIL_GATEWAY_MIN_NAM_4
DFLT_EMAIL_GATEWAY_MIN_NAM_4
INIT_OAA_DATE
A_KEY_2
SSDA_2
SSDB_2
ALPHATAGS_A_2
ALPHATAGS_B_2
ALPHATAGS_BARKER_2
ALPHATAGS_INDEX_2
COUNT_2
SCAN_TYPE_SETTING_2
CALC_LAST_NUMBER
CALC_MEMORY
CALC_CURR_CONV_RATE
DFLT_CALC_LAST_NUMBER
DFLT_CALC_MEMORY
DFLT_CALC_CURR_CONV_RATE
RECENT_CALL_MADE_EXISTENCE_ID
RECENT_CALL_RECEIVED_EXISTENCE_ID
RECONDITIONED_PROVIDER_NAME
GPRS_STATUS_STRING
ABBR_DIALING_PRIMARY_NUMBER
LAI_FOR_FACTORY_TESTING
TCG_ENABLED
ACTIVE_NAM_INDEX
NETMON_REPORT_CONFIG
BROWSER_VERSION
BROWSER_NAME
FETCH_AGENT_CONFIG
SESSION_MNG_CONFIG
BEARER_MNG_CONFIG
CACHE_MNG_CONFIG
COOKIE_MNG_CONFIG
PUSH_FRW_CONFIG
WSP_CONFIG
WTP_CONFIG
WTLS_CONFIG
CDB_CONFIG
GPRS_CURRENT_EEPROM_IMSI
SERVICE_PASSWORD
DEFAULT_QOS_REQ
DEFAULT_QOS_MIN
PPP_AUTHENTICATION_METHOD_FLAGS
AVC_FEATURE_FLAGS
AVC_DSP_THRESHOLDS
IN_FACTORY
ADN_ALERT_TONE_BITARRAY
GLOBAL_FEATURE_PROTECTED_STATE_NVM
GLOBAL_FEATURE_PROTECTED_STATE_DEFAULT_NVM
GLOBAL_FEATURE_PROTECTED_VALUE_NVM
GLOBAL_FEATURE_PROTECTED_VALUE_DEFAULT_NVM
GLOBAL_PROTECTED_FLEX_TABLE
BROWSER_CUSTOMER_SPLASH_SCREEN
BROWSER_WAP_SESSIONS
CDAG_SKEY_PROMPT
CDAG_MENU_PROMPT
CDAG_SMALL_ICON
CDAG_LARGE_ICON
CDAG_APP_PROMPTS
CDAG_APP_EVENTS
DFLT_VOICE_MAIL_NUMBER
PWR_DN_REASON
BCCH_INFO
LAI
LOCATION_UPDATE_STATUS
FAST_CAMP_FLAG
WTLS_SLOT
NAM_A_2
NAM_B_2
EMAIL_GATEWAY_MIN_A_2
EMAIL_GATEWAY_MIN_B_2
NAM_BARKER_2
NAM_INDEX_2
SSDC_LD_A
SSDC_LD_B
SSDS_LD_A
SSDS_LD_B
SSDSC_LD_BARKER
SSDSC_LD_INDEX
AUDIO_CUSTOMER_RINGER
CID1_QOS_REQ
CID1_QOS_MIN
CID1_CONTEXT_PDP_ADDR
DEFAULT_CONTEXT_PDP_ADDR
CID1_CONTEXT_APN_ADDR
DEFAULT_CONTEXT_APN_ADDR
PA_CALIBRATION_BAND_4
AGC_TABLE_BAND_4
CLASSMARK_BAND_4
CLASSMARK_I_BAND_4
CLASSMARK_II_BAND_4
DP_GAIN_GSM850
BROWSER_IOTA_SID_LIST
FEM_FTS_FAVOURITES
DFLT_FEM_FTS_FAVOURITES
FEM_FTS_VISIBLES
DFLT_FEM_FTS_VISIBLES
FEM_CURRENT_LIFE_TIME
FEM_MAXIMUM_LIFE_TIME
BRAND_ID_GRAPHICS
AIRTEL_LOCK_CODES
AIRTEL_UNLOCK_CODES
SUBSIDY_LOCK_3RD_SP_CODE
GAMES_FN_TOPSCORES
DFLT_GAMES_FN_TOPSCORES
DEFAULT_STK_MENU
SCREENSAVER_PICTURE_SETTING
DFLT_SCREENSAVER_PICTURE_SETTING
WALLPAPER_PICTURE_SETTING
DFLT_WALLPAPER_PICTURE_SETTING
FEM_L3_MESSAGES
DFLT_FEM_L3_MESSAGES
DFLT_GPRS_MS_OPERATION_MODE
DFLT_GPRS_ATTACH_AT_POWER_UP
CUST_WAKEUP_FILENAME
CUST_GOODBYE_FILENAME
DFLT_CUST_WAKEUP_FILENAME
DFLT_CUST_GOODBYE_FILENAME
BROWSER_CUSTOMER_MENU_NAME
BROWSER_CUSTOMER_SOFTKEY_NAME
DFLT_MCU_LOGGER_MASTER_BITS
DFLT_LOG_TDMA_LL
DFLT_LOG_TDMA_CP
MSG_TRANSPARENT_OTA_ORIG_ADDRESS
CUS_WAKEUP_TONE
CUS_GOODBYE_TONE
CHAT_NAME
RECENT_INT_DATA_SESS_VOL_SENT
RECENT_EXT_DATA_SESS_VOL_SENT
ALL_EXT_DATA_SESS_VOL_SENT
ALL_INT_DATA_SESS_VOL_SENT
NVM_HAPI_GCAP_PA_BPLUS
RECENT_INT_DATA_SESS_VOL_RECEIVED
RECENT_EXT_DATA_SESS_VOL_RECEIVED
ALL_INT_DATA_SESS_VOL_RECEIVED
ALL_EXT_DATA_SESS_VOL_RECEIVED
UMTS_CHECKSUM
UE_RAT_CAPABILITY
CLASSMARK_I_FOR_UTRA
CLASSMARK_II_FOR_UTRA
EQUIV_PLMNS_LIST
MS_RADIO_ACCESS_CAPABILITY_FOR_UTRA
MS_NETWORK_CAPABILITY_FOR_UTRA
DRX_PARAMETER_FOR_UTRA
WCDMA_PHASING
RPLMN_LAST_USED_ACCESS_TECHNOLOGY
HPLMN_SELECTOR_WITH_ACCESS_TECHNOLOGY
USER_CONTROLLED_PLMN_SELECTOR_WITH_ACCESS_TECHNOLOGY
OPERATOR_CONTROLLED_PLMN_SELECTOR_WITH_ACCESS_TECHNOLOGY
NETWORK_PARAMETERS
TODOLIST_STATUS_RECORD
POWERUP_ANIMATION_FILE_NAME
DFLT_POWERUP_ANIMATION_FILE_NAME
SCREEN_SAVER_FILE_NAME
DFLT_SCREEN_SAVER_FILE_NAME
ICCID
FACTORY_FLEX_SWITCH
FACTORY_FLEX_BACKUP
NVM_CATEGORY
CATEGORY_SORT_LIST
ADN_PHONE_CATEGORY_ID
CATEGORY_GREETING_BITARRAY
ADN_SYNC_DELETED_LOCATION
WALL_PAPER_PICTURE_FILE_NAME
DFLT_WALL_PAPER_PICTURE_FILE_NAME
EMAIL_INBOX_NAME
EMAIL_ISP_CSD_DIALUP_NUMBER
DFLT_EMAIL_ISP_CSD_DIALUP_NUMBER
EMAIL_ISP_CSD_USER_NAME
DFLT_EMAIL_ISP_CSD_USER_NAME
EMAIL_ISP_CSD_PASSWORD
DFLT_EMAIL_ISP_CSD_PASSWORD
EMAIL_ISP_GPRS_APN_ADDRESS
DFLT_EMAIL_ISP_GPRS_APN_ADDRESS
EMAIL_ISP_GPRS_USER_NAME
DFLT_EMAIL_ISP_GPRS_USER_NAME
EMAIL_ISP_GPRS_PASSWORD
DFLT_EMAIL_ISP_GPRS_PASSWORD
EMAIL_USER_ID
DFLT_EMAIL_USER_ID
EMAIL_PASSWORD
DFLT_EMAIL_PASSWORD
EMAIL_RETURN_ADDRESS
DFLT_EMAIL_RETURN_ADDRESS
EMAIL_USER_NAME
DFLT_EMAIL_USER_NAME
EMAIL_RECV_HOST
DFLT_EMAIL_RECV_HOST
EMAIL_SMTP_HOST
DFLT_EMAIL_SMTP_HOST
EMAIL_PERSONAL_FOLDER_NAME
DFLT_EMAIL_PERSONAL_FOLDER_NAME
EMAIL_PROVIDER_PROFILE
EMAIL_AUTO_SIGNATURE
DFLT_EMAIL_AUTO_SIGNATURE
SBCM_AMPS_PWR_LVL_COMPENSATION
SBCM_DIGITAL_PWR_LVL_COMPENSATION
PHONE_SPECIAL_CATEGORY_ALPHATAG
ID_ERI_VERIZON
MMC_PV_LAST_STORAGE
MMC_AP_LAST_STORAGE
MMC_VP_LAST_STORAGE
MMS_SERVER_URI
MMS_FILTER
DFLT_MMS_FILTER
DELTA_FLEX_AUTHORIZATION
DELTA_FLEX_VERSION
SMS_PROV_MENU_NAME
SMS_PROV_SOFTKEY_NAME
FEATURE_TIMERS
MSG_MC_LIST_ORDER
DIALED_CALLS_TIME
RECEIVED_CALLS_TIME
LAST_CALL_TIME
ALL_CALLS_TIME
LIFE_TIME
RECENT_INT_DATA_SESS_TIME
ALL_INT_DATA_SESS_TIME
RECENT_EXT_DATA_SESS_TIME
ALL_EXT_DATA_SESS_TIME
SAM_BT_LOW_POWER_MODE
PWR_DN_CAUSE_AND_REQUESTER
PWR_DN_TIME_STAMP
OPL_NETWORK_NAME
TDMA_FACTORY_HW_VERSION
AGPS_LOCATION_SERVER_INFO
AGPS_VENDOR_SPECIFIC_INFO
FEATURE_DB_VERSION
EMAIL_PROVIDER_HOST_NAMES
MDSM_FAT_TABLE_BACKUP
SHORT_MESSAGE_QUICKNOTES
MO_SMS_CALL_NUMBER
TRACFONE_PARTNER_SID_LIST_BARKER
TRACFONE_PARTNER_SID_LIST_INDEX
TRACFONE_RECORD_A
TRACFONE_RECORD_B
TRACFONE_RECORD_BARKER
TRACFONE_RECORD_INDEX
TRACFONE_ENABLE
TRACFONE_ACTIVE
TRACFONE_PARTNER_SID_LIST_A
TRACFONE_PARTNER_SID_LIST_B
TRACFONE_DEFAULT_IRDB
LOW_POWER_CONTROL
PROD_TYPE
TDMA_AVC_THRESHOLD_INFO
QQ_SETUP_QQID
QQ_SETUP_PASSWD
QQ_SETUP_SERVICE_NUMBER
DFLT_QQ_SETUP_SERVICE_NUMBER
MMS_SERVER_INFO
DFLT_MMS_SERVER_INFO
MMS_AUTO_SIGNATURE
DFLT_MMS_AUTO_SIGNATURE
MMS_MMC_VOLUME_LABEL
DNSIP_FLEX
DFLT_DNSIP_FLEX
BROWSER_OPERATOR_URL
BROWSER_OPERATOR_GREETING_FILENAME
SECURITY_REFLASH_ENABLE
MMC_WALLP_LAST_STORAGE
MMC_SCRSVR_LAST_STORAGE
MOT_WAKEUP_FILENAME
DFLT_MOT_WAKEUP_FILENAME
MOT_GOODBYE_FILENAME
DFLT_MOT_GOODBYE_FILENAME
EMAIL_MMC_VOLUME_LABEL
AIM_USER_NAME
DFLT_AIM_USER_NAME
AIM_PASSWORD
DFLT_AIM_PASSWORD
AIM_DEFAULT_DESTINATION_ADDRESS
DFLT_AIM_DEFAULT_DESTINATION_ADDRESS
SBCM_BATT_THRSHLD_CURRENT_DFLTS
SBCM_PWRLVL_CONST_VALUES
SBCM_PERIPH_CURRENT_VALUES
SBCM_IMPEDANCE_MEASUREMENT_VALUES
SBCM_CURRENTSHARE_CHARGE_VALUES
SBCM_BATTPLUS_THRESH_VALUES
SBCM_BPLUS_THRESH_VALUES
WAP_PUSH_SERVICE_CENTER_NUMBER_1
WAP_PUSH_SERVICE_CENTER_NUMBER_2
WAP_PUSH_SERVICE_CENTER_NUMBER_
KEYS_KSI
KEYS_CK
KEYS_IK
KEYS_PS_KSI
KEYS_PS_CK
KEYS_PS_IK
START_HFN_CS
START_HFN_PS
NETPAR
MMS_SESSION_NAME
NETMON_PRODUCT_CONFIG
MYCHANNEL_PRIMARY_DESTINATION
MYCHANNEL_SECONDARY_DESTINATION
UNKNOWN YET
UNKNOWN YET
UNKNOWN YET
UNKNOWN YET
UNKNOWN YET
UNKNOWN YET
UNKNOWN YET
UNKNOWN YET
UNKNOWN YET
UNKNOWN YET
UNKNOWN YET
UNKNOWN YET
UNKNOWN YET
UNKNOWN YET
UNKNOWN YET
UNKNOWN YET
UNKNOWN YET
UNKNOWN YET
UNKNOWN YET
UNKNOWN YET
UNKNOWN YET
UNKNOWN YET
UNKNOWN YET
UNKNOWN YET
UNKNOWN YET
UNKNOWN YET
UNKNOWN YET
UNKNOWN YET
UNKNOWN YET
UNKNOWN YET
UNKNOWN YET
UNKNOWN YET
UNKNOWN YET
UNKNOWN YET
UNKNOWN YET
UNKNOWN YET
UNKNOWN YET
UNKNOWN YET
UNKNOWN YET
UNKNOWN YET
UNKNOWN YET
UNKNOWN YET
UNKNOWN YET
UNKNOWN YET
UNKNOWN YET
UNKNOWN YET
UNKNOWN YET
UNKNOWN YET
UNKNOWN YET
UNKNOWN YET
UNKNOWN YET
UNKNOWN YET
UNKNOWN YET
UNKNOWN YET
UNKNOWN YET
UNKNOWN YET
UNKNOWN YET
UNKNOWN YET
UNKNOWN YET
UNKNOWN YET
UNKNOWN YET
UNKNOWN YET
UNKNOWN YET
UNKNOWN YET
UNKNOWN YET
UNKNOWN YET
UNKNOWN YET
UNKNOWN YET
UNKNOWN YET
UNKNOWN YET
UNKNOWN YET
UNKNOWN YET
UNKNOWN YET
UNKNOWN YET
UNKNOWN YET
UNKNOWN YET
UNKNOWN YET
UNKNOWN YET
UNKNOWN YET
UNKNOWN YET
UNKNOWN YET
UNKNOWN YET
UNKNOWN YET
UNKNOWN YET
UNKNOWN YET
UNKNOWN YET
UNKNOWN YET
UNKNOWN YET
UNKNOWN YET
UNKNOWN YET
UNKNOWN YET
UNKNOWN YET
UNKNOWN YET
UNKNOWN YET
UNKNOWN YET
UNKNOWN YET
UNKNOWN YET
UNKNOWN YET
UNKNOWN YET
UNKNOWN YET
UNKNOWN YET
UNKNOWN YET
UNKNOWN YET
UNKNOWN YET
UNKNOWN YET
UNKNOWN YET
UNKNOWN YET
UNKNOWN YET
UNKNOWN YET
UNKNOWN YET
UNKNOWN YET
UNKNOWN YET
UNKNOWN YET
UNKNOWN YET
UNKNOWN YET
UNKNOWN YET
UNKNOWN YET
UNKNOWN YET
UNKNOWN YET
UNKNOWN YET
UNKNOWN YET
UNKNOWN YET
UNKNOWN YET
UNKNOWN YET
UNKNOWN YET
UNKNOWN YET
UNKNOWN YET
UNKNOWN YET
UNKNOWN YET
UNKNOWN YET
UNKNOWN YET
UNKNOWN YET
UNKNOWN YET
UNKNOWN YET
UNKNOWN YET
UNKNOWN YET
UNKNOWN YET
UNKNOWN YET
UNKNOWN YET
UNKNOWN YET
UNKNOWN YET
UNKNOWN YET
UNKNOWN YET
UNKNOWN YET
UNKNOWN YET
UNKNOWN YET
UNKNOWN YET
UNKNOWN YET
UNKNOWN YET
UNKNOWN YET
UNKNOWN YET
UNKNOWN YET
UNKNOWN YET
UNKNOWN YET
UNKNOWN YET
UNKNOWN YET
UNKNOWN YET
UNKNOWN YET
UNKNOWN YET
UNKNOWN YET
UNKNOWN YET
UNKNOWN YET
UNKNOWN YET
UNKNOWN YET
UNKNOWN YET
UNKNOWN YET
UNKNOWN YET
UNKNOWN YET
UNKNOWN YET
UNKNOWN YET
UNKNOWN YET
UNKNOWN YET
UNKNOWN YET
UNKNOWN YET
UNKNOWN YET
UNKNOWN YET
UNKNOWN YET
UNKNOWN YET
UNKNOWN YET
UNKNOWN YET
UNKNOWN YET
UNKNOWN YET
UNKNOWN YET
UNKNOWN YET
UNKNOWN YET
UNKNOWN YET
UNKNOWN YET
UNKNOWN YET
UNKNOWN YET
UNKNOWN YET
UNKNOWN YET
UNKNOWN YET
UNKNOWN YET
UNKNOWN YET
UNKNOWN YET
UNKNOWN YET
UNKNOWN YET
UNKNOWN YET
UNKNOWN YET
UNKNOWN YET
UNKNOWN YET
